pages/PurchaseManagement.tsx(574,21): error TS2353: Object literal may only specify known properties, and 'fecha' does not exist in type '{ estado_pago?: "PAGADA" | "POR_PAGAR" | "POR_REVISAR"; fecha_pago?: string; }'.
supabase/functions/send-admin-notifications/index.ts(8,23): error TS2307: Cannot find module 'https://deno.land/std@0.168.0/http/server.ts' or its corresponding type declarations.
supabase/functions/send-admin-notifications/index.ts(9,30): error TS2307: Cannot find module 'https://esm.sh/@supabase/supabase-js@2' or its corresponding type declarations.
supabase/functions/send-admin-notifications/index.ts(15,15): error TS2304: Cannot find name 'Deno'.
supabase/functions/send-admin-notifications/index.ts(16,15): error TS2304: Cannot find name 'Deno'.
supabase/functions/send-admin-notifications/index.ts(25,13): error TS2304: Cannot find name 'Deno'.
supabase/functions/send-admin-notifications/index.ts(26,13): error TS2304: Cannot find name 'Deno'.
supabase/functions/send-admin-notifications/index.ts(126,28): error TS2304: Cannot find name 'Deno'.
supabase/functions/send-admin-notifications/index.ts(168,26): error TS2304: Cannot find name 'Deno'.
